// Jest Snapshot v1, https://jestjs.io/docs/snapshot-testing

exports[`plugin should match expected export 1`] = `
{
  "ci": {
    "postprocess": [Function],
    "preprocess": [Function],
    "supportsAutofix": true,
  },
  "diff": {
    "postprocess": [Function],
    "preprocess": [Function],
    "supportsAutofix": true,
  },
  "staged": {
    "postprocess": [Function],
    "preprocess": [Function],
    "supportsAutofix": true,
  },
}
`;
